// Jest Snapshot v1, https://goo.gl/fbAQLP

exports[`renders homepage unchanged 1`] = `
Array [
  <section
    className="copy"
  >
    <div
      className="copyInner"
    >
      <a
        href="https://github.com/elbatlles/nextal"
      >
        <button
          className="button"
        >
          Visit on Github
        </button>
      </a>
      <div
        className="button"
        onClick={[Function]}
        role="button"
        title="Click to copy to clipboard"
      >
        <span
          className="buttonInner"
        >
          <span
            aria-hidden="true"
            className="dollar"
          >
            $
             
          </span>
          git clone https://github.com/elbatlles/nextal
        </span>
        <span
          className="srOnly"
        >
          (click to copy to clipboard)
        </span>
        <div>
          <svg
            aria-hidden="true"
            className="icon"
            fill="none"
            stroke="currentColor"
            strokeWidth={2}
            viewBox="0 0 24 24"
            xmlns="http://www.w3.org/2000/svg"
          >
            <path
              d="M8 7v8a2 2 0 002 2h6M8 7V5a2 2 0 012-2h4.586a1 1 0 01.707.293l4.414 4.414a1 1 0 01.293.707V15a2 2 0 01-2 2h-2M8 7H6a2 2 0 00-2 2v10a2 2 0 002 2h8a2 2 0 002-2v-2"
              strokeLinecap="round"
              strokeLinejoin="round"
            />
          </svg>
        </div>
      </div>
    </div>
  </section>,
  <section
    className="copy"
  >
    <div
      className="container"
    >
      <div
        className="listfriends"
      >
        list
      </div>
      <div
        className="areachat"
      >
        chat
      </div>
      <div
        className="areawrite"
      >
        <textarea />
      </div>
    </div>
  </section>,
]
`;
